{
    "samples": [
        {
            "by": {
                "vkey": "0b431968cf7fbdb3880b00164d88ed8dc71d3e02b09b4e6dbc833c3305d6c22e"
            },
            "eventId": 14721254,
            "tag": "EndEvent"
        },
        {
            "by": {
                "vkey": "89a6d931ed1c0d79635a10994da016ba7e712f001f87349a095ac0e5ee295773"
            },
            "effectId": 18849,
            "eventId": 15134621,
            "tag": "EndEffect"
        },
        {
            "by": {
                "vkey": "c9a308bcbb8866cc277b706e076404305fd78d062e8afc734221417d7bd09624"
            },
            "effectId": 29930,
            "eventId": 5375330,
            "tag": "EndEffect"
        },
        {
            "by": {
                "vkey": "76b54623af7665b7b17e36fe8fe90444b3f647020aef8c1d2cd1a7b4d1c546b4"
            },
            "effectId": 11127,
            "eventId": 8337099,
            "tag": "EndEffect"
        },
        {
            "by": {
                "vkey": "0cb8996d78202c704503112bc3303e5a3e39758f1073a581e694ffb5f05e5034"
            },
            "eventId": 13359938,
            "tag": "EndEvent"
        }
    ],
    "seed": -637345377
}